assignment	Antibiotic
novA	Aminocoumarin
AAC(1)-I/AAC(3)-Ia	Aminoglycoside
AAC(2)-Ia	Aminoglycoside
AAC(2)-Ib	Aminoglycoside
AAC(2)-Ic	Aminoglycoside
AAC(2)-Id	Aminoglycoside
AAC(2)-Ie	Aminoglycoside
AAC(2)-IIb	Aminoglycoside
AAC(3)-Ib	Aminoglycoside
AAC(3)-Ib-AAC(6)-Ib	Aminoglycoside
AAC(3)-Ic	Aminoglycoside
AAC(3)-Id	Aminoglycoside
AAC(3)-IIa/IIc	Aminoglycoside
AAC(3)-IIb	Aminoglycoside
AAC(3)-IIIa	Aminoglycoside
AAC(3)-IIIb/IIIc	Aminoglycoside
AAC(3)-IV	Aminoglycoside
AAC(3)-IXa	Aminoglycoside
AAC(3)-VIa	Aminoglycoside
AAC(3)-VIIa	Aminoglycoside
AAC(3)-VIIIa	Aminoglycoside
AAC(3)-Xa	Aminoglycoside
AAC(6)-29a/29b	Aminoglycoside
AAC(6)-30-AAC(6)-Ib	Aminoglycoside
AAC(6)-33/I30	Aminoglycoside
AAC(6)-34	Aminoglycoside
AAC(6)-clusterA	Aminoglycoside
AAC(6)-clusterB	Aminoglycoside
AAC(6)-clusterC	Aminoglycoside
AAC(6)-clusterD	Aminoglycoside
AAC(6)-Ia	Aminoglycoside
AAC(6)-Iaa/Iy	Aminoglycoside
AAC(6)-Iad	Aminoglycoside
AAC(6)-Iae/Iai	Aminoglycoside
AAC(6)-Iaj	Aminoglycoside
AAC(6)-Iak/Iz	Aminoglycoside
AAC(6)-Ib-SK	Aminoglycoside
AAC(6)-Ic	Aminoglycoside
AAC(6)-Ie-APH(2)-Ia	Aminoglycoside
AAC(6)-If	Aminoglycoside
AAC(6)-Ig	Aminoglycoside
AAC(6)-Ii	Aminoglycoside
AAC(6)-IIb	Aminoglycoside
AAC(6)-Iid	Aminoglycoside
AAC(6)-Iih	Aminoglycoside
AAC(6)-Ik	Aminoglycoside
AAC(6)-Ip	Aminoglycoside
AAC(6)-Isa	Aminoglycoside
aad(6)/ANT(6)-Ia	Aminoglycoside
aadA/AAC-clusterB	Aminoglycoside
aadA4/5	Aminoglycoside
aadA9	Aminoglycoside
aadA-clusterA	Aminoglycoside
aadA-clusterC	Aminoglycoside
aadK	Aminoglycoside
ANT(2)-Ia	Aminoglycoside
ANT(3)-IIa	Aminoglycoside
ANT(3)-IIb	Aminoglycoside
ANT(3)-IIc	Aminoglycoside
ANT(4)-Ia	Aminoglycoside
ANT(4)-Ib	Aminoglycoside
ANT(4)-IIa	Aminoglycoside
ANT(4)-IIb	Aminoglycoside
ANT(6)-Ib	Aminoglycoside
ANT(9)	Aminoglycoside
APH(2)-Ie/IVa	Aminoglycoside
APH(2)-If	Aminoglycoside
APH(2)-Ig	Aminoglycoside
APH(2)-IIa	Aminoglycoside
APH(2)-IIIa	Aminoglycoside
APH(3)-Ia	Aminoglycoside
APH(3)-Ib	Aminoglycoside
APH(3)-Ic	Aminoglycoside
APH(3)-IIa	Aminoglycoside
APH(3)-IIb	Aminoglycoside
APH(3)-IIc	Aminoglycoside
APH(3)-IIIa	Aminoglycoside
APH(3)-IVa	Aminoglycoside
APH(3)-IX	Aminoglycoside
APH(3)-V	Aminoglycoside
APH(3)-VI/VIa	Aminoglycoside
APH(3)-VIIa	Aminoglycoside
APH(3)-VIII	Aminoglycoside
APH(4)-Ia	Aminoglycoside
APH(4)-Ib	Aminoglycoside
APH(6)-Ia	Aminoglycoside
APH(6)-Ib	Aminoglycoside
APH(6)-Ic	Aminoglycoside
APH(6)-Id	Aminoglycoside
APH(7)-Ia	Aminoglycoside
APH(9)-Ia	Aminoglycoside
APH(9)-Ib	Aminoglycoside
apmA	Aminoglycoside
cpaA	Aminoglycoside
spd	Aminoglycoside
armA	Aminoglycoside
kamB	Aminoglycoside
npmA	Aminoglycoside
rmtA/B	Aminoglycoside
rmtC	Aminoglycoside
rmtD	Aminoglycoside
rmtF	Aminoglycoside
rmtG	Aminoglycoside
rmtH	Aminoglycoside
sgm	Aminoglycoside
acrD	Aminoglycoside
amrA	Aminoglycoside
amrB	Aminoglycoside
kdpE	Aminoglycoside
catB-clusterA	Amphenicol
cat86	Amphenicol
cat-Atu	Amphenicol
catB	Amphenicol
catB7	Amphenicol
catB9	Amphenicol
cat-Bcl	Amphenicol
cat-Cco	Amphenicol
cat-clusterA	Amphenicol
cat-clusterB	Amphenicol
cat-clusterC	Amphenicol
cat-clusterD	Amphenicol
catD/P	Amphenicol
catII	Amphenicol
catIII	Amphenicol
cat-Pmi	Amphenicol
catQ	Amphenicol
catS	Amphenicol
CatU	Amphenicol
cat-Van	Amphenicol
cmlv	Amphenicol
cml-clusterA	Amphenicol
cml-clusterC	Amphenicol
cmr	Amphenicol
cmx	Amphenicol
fexA	Amphenicol
floR	Amphenicol
cml-clusterB	Amphenicol
tcmA	Amphenicol
farA	Antibacterial free fatty acids
farB	Antibacterial free fatty acids
ACC	Beta-lactam
ACT/MIR	Beta-lactam
ADC-2	Beta-lactam
AER-1	Beta-lactam
AIM	Beta-lactam
AQU-1	Beta-lactam
BEL	Beta-lactam
BJP-1	Beta-lactam
Bla1/BcI	Beta-lactam
Bla2/BcII	Beta-lactam
BlaB	Beta-lactam
blaF	Beta-lactam
CARB-clusterA	Beta-lactam
CARB-clusterB	Beta-lactam
CARB-clusterC	Beta-lactam
CARCBL	Beta-lactam
CAU-1	Beta-lactam
CblA	Beta-lactam
CcrA	Beta-lactam
cepA	Beta-lactam
CepS	Beta-lactam
CfxA	Beta-lactam
CMY/CFE/LAT	Beta-lactam
CMY/MOX-clusterA	Beta-lactam
CMY/MOX-clusterB	Beta-lactam
CMY/MOX-clusterC	Beta-lactam
cphA/imiHS	Beta-lactam
CPS-1/ESP-1	Beta-lactam
CTX-M-clusterA	Beta-lactam
CTX-M-clusterB	Beta-lactam
CTX-M-clusterC	Beta-lactam
CTX-M-clusterD	Beta-lactam
DHA	Beta-lactam
DIM-1	Beta-lactam
EBR-1	Beta-lactam
EXO-1	Beta-lactam
FEZ	Beta-lactam
FOX	Beta-lactam
GES	Beta-lactam
GIM	Beta-lactam
GOB	Beta-lactam
HMB-1	Beta-lactam
IMI	Beta-lactam
IMP	Beta-lactam
IND-clusterA	Beta-lactam
IND-clusterB	Beta-lactam
IND-clusterC	Beta-lactam
JOHN-1	Beta-lactam
KHM-1	Beta-lactam
KPC	Beta-lactam
L1	Beta-lactam
LAR-18	Beta-lactam
LCR/NPS	Beta-lactam
LEN	Beta-lactam
LRA-1	Beta-lactam
LRA-10	Beta-lactam
LRA-12	Beta-lactam
LRA-13	Beta-lactam
LRA-17	Beta-lactam
LRA-19	Beta-lactam
LRA-2	Beta-lactam
LRA-3	Beta-lactam
LRA-5	Beta-lactam
LRA-7/9	Beta-lactam
LRA-8	Beta-lactam
MOX-9	Beta-lactam
MSI-1	Beta-lactam
MUS-1/2	Beta-lactam
NDM	Beta-lactam
OCH	Beta-lactam
OKP-A	Beta-lactam
OKP-B	Beta-lactam
OXA-12	Beta-lactam
OXA-18	Beta-lactam
OXA-184	Beta-lactam
OXA-198	Beta-lactam
OXA-209	Beta-lactam
OXA-22	Beta-lactam
OXA-29	Beta-lactam
OXA-347	Beta-lactam
OXA-45	Beta-lactam
OXA-50	Beta-lactam
OXA-55	Beta-lactam
OXA-60	Beta-lactam
OXA-61	Beta-lactam
OXA-62	Beta-lactam
OXA-85	Beta-lactam
OXA-9	Beta-lactam
OXA-clusterA1	Beta-lactam
OXA-clusterA2	Beta-lactam
OXA-clusterB	Beta-lactam
OXA-clusterC	Beta-lactam
OXA-clusterD	Beta-lactam
OXA-clusterE	Beta-lactam
OXA-clusterF	Beta-lactam
OXA-clusterG	Beta-lactam
OXA-clusterH	Beta-lactam
OXA-clusterI	Beta-lactam
OXA-clusterJ	Beta-lactam
OXA-clusterK	Beta-lactam
OXA-clusterL	Beta-lactam
OXA-clusterM	Beta-lactam
OXA-clusterN	Beta-lactam
OXA-clusterO	Beta-lactam
OXA-clusterP	Beta-lactam
OXA-MSI	Beta-lactam
OXY	Beta-lactam
PC1/blaZ	Beta-lactam
PDC	Beta-lactam
PEDO-1	Beta-lactam
PEDO-2	Beta-lactam
PEDO-3	Beta-lactam
PER	Beta-lactam
R39	Beta-lactam
Rm3	Beta-lactam
ROB	Beta-lactam
Sed-1	Beta-lactam
SFB	Beta-lactam
SFH-1	Beta-lactam
SHV	Beta-lactam
SIM-1	Beta-lactam
SLB	Beta-lactam
SMB	Beta-lactam
SME	Beta-lactam
SPG-1	Beta-lactam
SPM-1	Beta-lactam
SRT	Beta-lactam
TEM	Beta-lactam
THIN-B	Beta-lactam
TLA-1/3	Beta-lactam
TLA-2	Beta-lactam
TMB-1/2	Beta-lactam
TUS	Beta-lactam
VCC-1	Beta-lactam
VEB	Beta-lactam
VIM-clusterA	Beta-lactam
VIM-clusterB	Beta-lactam
y56	Beta-lactam
mecA	Beta-lactam
mecB	Beta-lactam
mecC	Beta-lactam
Omp38	Beta-lactam
OmpK37	Beta-lactam
blaR1	Beta-lactam
mecR1	Beta-lactam
NmcR	Beta-lactam
bcr-1	Bicyclomycin
dfrA10	Diaminopyrimidine
dfrA19	Diaminopyrimidine
dfrA20	Diaminopyrimidine
dfrA23	Diaminopyrimidine
dfrA24	Diaminopyrimidine
dfrA26	Diaminopyrimidine
dfrA2d	Diaminopyrimidine
dfrA3	Diaminopyrimidine
dfrA8	Diaminopyrimidine
dfrA-clusterA	Diaminopyrimidine
dfrA-clusterB	Diaminopyrimidine
dfrA-clusterC	Diaminopyrimidine
dfrA-clusterD	Diaminopyrimidine
dfrB1/6	Diaminopyrimidine
dfrB2/3	Diaminopyrimidine
dfrC	Diaminopyrimidine
dfrD	Diaminopyrimidine
dfrE	Diaminopyrimidine
dfrF	Diaminopyrimidine
dfrG/K	Diaminopyrimidine
facT	Elfamycin
mfd	Fluoroquinolone
mfpA	Fluoroquinolone
QnrA	Fluoroquinolone
QnrB	Fluoroquinolone
QnrC	Fluoroquinolone
QnrD	Fluoroquinolone
QnrS	Fluoroquinolone
QnrVC	Fluoroquinolone
lrfA	Fluoroquinolone
patA	Fluoroquinolone
patB	Fluoroquinolone
FomA	Fosfomycin
FomB	Fosfomycin
FosA	Fosfomycin
FosA2	Fosfomycin
FosA3/4	Fosfomycin
FosA5/6	Fosfomycin
FosA7	Fosfomycin
FosB	Fosfomycin
FosB3	Fosfomycin
FosC	Fosfomycin
FosC2	Fosfomycin
FosK	Fosfomycin
FosX	Fosfomycin
mdtG	Fosfomycin
fusD	Fusidic acid
fusH	Fusidic acid
fusB	Fusidic acid
BRP	Glycopeptide
vanA	Glycopeptide
vanB	Glycopeptide
vanC	Glycopeptide
vanD	Glycopeptide
vanE	Glycopeptide
vanF	Glycopeptide
vanG	Glycopeptide
vanHA	Glycopeptide
vanHB	Glycopeptide
vanHD	Glycopeptide
vanHF	Glycopeptide
vanHM	Glycopeptide
vanHO	Glycopeptide
vanI	Glycopeptide
vanJ	Glycopeptide
vanKI	Glycopeptide
vanL	Glycopeptide
vanM	Glycopeptide
vanN	Glycopeptide
vanO	Glycopeptide
vanRA	Glycopeptide
vanRB	Glycopeptide
vanRC	Glycopeptide
vanRD	Glycopeptide
vanRE	Glycopeptide
vanRF	Glycopeptide
vanRG	Glycopeptide
vanRI	Glycopeptide
vanRL	Glycopeptide
vanRM	Glycopeptide
vanRN	Glycopeptide
vanRO	Glycopeptide
vanSA	Glycopeptide
vanSB	Glycopeptide
vanSC	Glycopeptide
vanSD	Glycopeptide
vanSE	Glycopeptide
vanSF	Glycopeptide
vanSG	Glycopeptide
vanSI	Glycopeptide
vanSL	Glycopeptide
vanSM	Glycopeptide
vanSN	Glycopeptide
vanSO	Glycopeptide
vanTC	Glycopeptide
vanTE	Glycopeptide
vanTG	Glycopeptide
vanTmL	Glycopeptide
vanTN	Glycopeptide
vanTrL	Glycopeptide
vanUG	Glycopeptide
vanVB	Glycopeptide
vanWB	Glycopeptide
vanWG	Glycopeptide
vanWI	Glycopeptide
vanXA/XM	Glycopeptide
vanXB	Glycopeptide
vanXD	Glycopeptide
vanXF	Glycopeptide
vanXI	Glycopeptide
vanXO	Glycopeptide
vanXYC	Glycopeptide
vanXYE	Glycopeptide
vanXYG	Glycopeptide
vanXYL	Glycopeptide
vanXYN	Glycopeptide
vanYA	Glycopeptide
vanYB	Glycopeptide
vanYD	Glycopeptide
vanYF	Glycopeptide
vanYG	Glycopeptide
vanYM	Glycopeptide
vanZA	Glycopeptide
vanZF	Glycopeptide
cfrA	MDR
cfrC	MDR
cipA	MDR
clbA	MDR
clbB	MDR
clbC	MDR
abcA	MDR
abeM	MDR
abeS	MDR
acrA	MDR
acrB	MDR
AcrE	MDR
AcrF	MDR
adeA	MDR
adeB	MDR
adeC	MDR
adeF	MDR
adeG/ceoB	MDR
adeH	MDR
adeI	MDR
adeJ	MDR
adeK	MDR
AxyX	MDR
AxyY	MDR
blt	MDR
bmr	MDR
cdeA	MDR
ceoA	MDR
cmeA	MDR
cmeB	MDR
cmeC	MDR
efmA	MDR
efpA	MDR
efrA	MDR
efrB	MDR
emeA	MDR
emrA	MDR
emrB	MDR
emrD	MDR
emrE-Eco	MDR
emrE-Pae	MDR
emrK	MDR
emrY	MDR
hmrM	MDR
hp1181	MDR
hp1184	MDR
lmrP	MDR
mdfA	MDR
mdsA	MDR
mdsB	MDR
mdsC	MDR
mdtA	MDR
mdtB	MDR
mdtC	MDR
mdtE	MDR
mdtF	MDR
mdtH	MDR
MdtK	MDR
mdtL	MDR
mdtM	MDR
mdtN	MDR
mdtO	MDR
mdtP	MDR
mepA	MDR
MexA	MDR
MexB	MDR
MexC	MDR
MexD	MDR
MexE	MDR
MexF	MDR
MexG	MDR
MexH	MDR
MexI	MDR
MexJ	MDR
MexK	MDR
mexM	MDR
mexN	MDR
mexP	MDR
mexQ	MDR
MexV	MDR
MexW	MDR
mexX	MDR
mexY	MDR
msbA	MDR
mtrC	MDR
mtrD	MDR
mtrE	MDR
MuxA	MDR
MuxB	MDR
MuxC	MDR
norA	MDR
norB	MDR
opcM	MDR
OpmB	MDR
OpmD	MDR
opmE	MDR
OprA	MDR
OprJ	MDR
OprM	MDR
OprN	MDR
OprZ	MDR
oqxA	MDR
oqxB	MDR
PmpM	MDR
pmrA	MDR
qacA/B	MDR
qacH	MDR
QepA	MDR
sav1866	MDR
smeA	MDR
smeB	MDR
smeC	MDR
smeD	MDR
smeE	MDR
smeF	MDR
tap	MDR
TolC	MDR
ykkC	MDR
ykkD	MDR
adeL	MDR
arlR	MDR
arlS	MDR
ArmR	MDR
baeR	MDR
baeS	MDR
cpxA	MDR
CpxR-Eco	MDR
CpxR-Pae	MDR
evgA	MDR
evgS	MDR
gadW	MDR
gadX	MDR
golS	MDR
H-NS	MDR
marA	MDR
mtrA	MDR
ramA	MDR
rob	MDR
sdiA	MDR
smeR	MDR
smeS	MDR
soxR	MDR
lnuA	MLSB
lnuC	MLSB
lnuF/G	MLSB
lnuB	MLSB
lnuD	MLSB
lnuE	MLSB
lnuG	MLSB
EreA	MLSB
EreB	MLSB
gimA	MLSB
mgtA	MLSB
mphA	MLSB
mphB	MLSB
mph-BceA	MLSB
mph-BceB	MLSB
mphC	MLSB
mphD	MLSB
mphE	MLSB
mphG	MLSB
mphI	MLSB
Mrx	MLSB
oleD	MLSB
oleI	MLSB
vatA	MLSB
vatB	MLSB
vatC	MLSB
vatD	MLSB
vatE	MLSB
vatF	MLSB
vatH	MLSB
VatI	MLSB
vgbA	MLSB
vgbB	MLSB
vgbC	MLSB
chrB	MLSB
myrA	MLSB
RlmA	MLSB
tlrB	MLSB
EmrF	MLSB
Erm(30)	MLSB
Erm(31)	MLSB
Erm(33)	MLSB
Erm(34)	MLSB
Erm(35)	MLSB
Erm(36)	MLSB
Erm(37)	MLSB
Erm(38)	MLSB
Erm(39)	MLSB
Erm(41)	MLSB
Erm(42)	MLSB
Erm(43)	MLSB
Erm(44)	MLSB
Erm(47)	MLSB
ErmA	MLSB
ErmB	MLSB
ErmC	MLSB
ErmD	MLSB
ErmE	MLSB
ErmG	MLSB
ErmH	MLSB
ErmN	MLSB
ErmO	MLSB
ErmQ	MLSB
ErmR	MLSB
ErmS	MLSB
ErmT	MLSB
ErmU	MLSB
ErmV	MLSB
ErmW	MLSB
ErmX	MLSB
ErmY	MLSB
LlmA	MLSB
carA	MLSB
ImrB	MLSB
ImrC	MLSB
lmrD	MLSB
LpeA	MLSB
LpeB	MLSB
lsaA	MLSB
lsaB	MLSB
lsaC	MLSB
lsaE	MLSB
macA	MLSB
macB	MLSB
mef(B)	MLSB
mefA	MLSB
mefC	MLSB
mefE	MLSB
mel	MLSB
msrA	MLSB
msrB	MLSB
msrC	MLSB
msrE	MLSB
oleB	MLSB
oleC	MLSB
salA	MLSB
smrB	MLSB
tlrC	MLSB
vga	MLSB
vgaB	MLSB
vgaC	MLSB
vgaD	MLSB
vgaE	MLSB
SAT-1	Nucleoside
SAT-3	Nucleoside
SAT-4	Nucleoside
tmrB	Nucleoside
BahA	Peptide
vph	Peptide
EdeQ	Peptide
mprF-Brsu	Peptide
mprF-Bsu	Peptide
mprF-Cpe	Peptide
mprF-Lmo	Peptide
mprF-Sag	Peptide
bacA	Peptide
bcrC	Peptide
tsnR	Peptide
anrA-clusterA	Peptide
arnA-clusterB	Peptide
basS	Peptide
MCR-1/2	Peptide
MCR-3	Peptide
pgpB	Peptide
PmrC	Peptide
PmrE	Peptide
PmrF	Peptide
bcrA	Peptide
bcrB	Peptide
rosA	Peptide
rosB	Peptide
YojI	Peptide
TaeA	Pleuromutilins
arr-1	Rifamycin
arr-2/3	Rifamycin
arr-4/7	Rifamycin
arr-5	Rifamycin
arr-8	Rifamycin
iri	Rifamycin
rgt1438	Rifamycin
rphA	Rifamycin
rphB	Rifamycin
RbpA	Rifamycin
mecI	Should be deleted
mecD	Should be deleted
mgrA	Should be deleted
AcrS	Should be deleted
adeN	Should be deleted
cmeR	Should be deleted
CRP	Should be deleted
emrR	Should be deleted
mepR	Should be deleted
MexL	Should be deleted
blaI	Should be deleted
mtrR	Should be deleted
sul1	Sulfonamide
sul2	Sulfonamide
sul3	Sulfonamide
tet37	Tetracycline
tetX	Tetracycline
tet34	Tetracycline
otr(A)	Tetracycline
tet32	Tetracycline
tet36	Tetracycline
tet44	Tetracycline
tetB(P)	Tetracycline
tetM	Tetracycline
tetO	Tetracycline
tetQ	Tetracycline
tetS	Tetracycline
tetT	Tetracycline
tetW	Tetracycline
otr(B)	Tetracycline
otrC	Tetracycline
tcr3	Tetracycline
tet(30)	Tetracycline
tet(31)	Tetracycline
tet(33)	Tetracycline
tet(35)	Tetracycline
tet(38)	Tetracycline
tet(39)	Tetracycline
tet(40)	Tetracycline
tet(41)	Tetracycline
tet(42)	Tetracycline
tet(43)	Tetracycline
tet(45)	Tetracycline
tet(A/B)	Tetracycline
tet(C)	Tetracycline
tet(D)	Tetracycline
tet(E)	Tetracycline
tet(G)	Tetracycline
tet(H)	Tetracycline
tet(J)	Tetracycline
tet(K)	Tetracycline
tet(L)	Tetracycline
tet(V)	Tetracycline
tet(Y)	Tetracycline
tet(Z)	Tetracycline
tetA(46)	Tetracycline
tetA(48)	Tetracycline
tetA(60)	Tetracycline
tetA(P)	Tetracycline
tetB(46)	Tetracycline
tetB(48)	Tetracycline
tetB(60)	Tetracycline
adeR	Tetracycline
adeS	Tetracycline
OpmH	Triclosan
TriA	Triclosan
TriB	Triclosan
TriC	Triclosan
